[onelifewp.wpengine.com/index.html]
[backblue.gif]
[fade.gif]
[index.html]
[3bb3lo1avy3xd673y3jjpwxb-wpengine.netdna-ssl.com/wp-content/uploads/2016/05/fav-icon.png]
[3bb3lo1avy3xd673y3jjpwxb-wpengine.netdna-ssl.com/wp-content/uploads/2016/05/iphone_icon.png]
[3bb3lo1avy3xd673y3jjpwxb-wpengine.netdna-ssl.com/wp-content/uploads/2016/05/iphone_icon@2x.png]
[3bb3lo1avy3xd673y3jjpwxb-wpengine.netdna-ssl.com/wp-content/uploads/2016/05/ipad_favicon.png]
[3bb3lo1avy3xd673y3jjpwxb-wpengine.netdna-ssl.com/wp-content/uploads/2016/05/ipad_favicon@2x.png]
[3bb3lo1avy3xd673y3jjpwxb-wpengine.netdna-ssl.com/wp-content/cache/asset-cleanup/css/item/onelife-skin-v158c44e9fe046d78ad9eb5a2e8c4f8a4d1b821c3.css]
[3bb3lo1avy3xd673y3jjpwxb-wpengine.netdna-ssl.com/wp-content/cache/asset-cleanup/js/item/jquery-migrate-vb25b38d111f73199d901224938b5f1a8c84f7c1b.js]
[3bb3lo1avy3xd673y3jjpwxb-wpengine.netdna-ssl.com/wp-includes/js/jquery/jquery4a5f.js]
[3bb3lo1avy3xd673y3jjpwxb-wpengine.netdna-ssl.com/wp-content/cache/asset-cleanup/js/item/modernizr-custom-vd07d740953aa28decae3a0db1cedea4bd461ee8e.js]
[3bb3lo1avy3xd673y3jjpwxb-wpengine.netdna-ssl.com/wp-content/plugins/revslider/public/assets/js/rbtools.mina086.js]
[3bb3lo1avy3xd673y3jjpwxb-wpengine.netdna-ssl.com/wp-content/cache/asset-cleanup/css/head-8abef10cb08cf9f6b529d3217f8657f853d447c6.css]
[3bb3lo1avy3xd673y3jjpwxb-wpengine.netdna-ssl.com/wp-content/plugins/revslider/public/assets/js/rs6.mina086.js]
[3bb3lo1avy3xd673y3jjpwxb-wpengine.netdna-ssl.com/wp-content/uploads/2016/03/logo.png]
[3bb3lo1avy3xd673y3jjpwxb-wpengine.netdna-ssl.com/wp-content/uploads/2016/05/shop-menu-bg.jpg]
[3bb3lo1avy3xd673y3jjpwxb-wpengine.netdna-ssl.com/wp-content/uploads/2016/06/leaf.png]
[3bb3lo1avy3xd673y3jjpwxb-wpengine.netdna-ssl.com/wp-content/uploads/2016/06/woman-body.png]
[3bb3lo1avy3xd673y3jjpwxb-wpengine.netdna-ssl.com/wp-content/uploads/2016/06/awards-logo2.png]
[3bb3lo1avy3xd673y3jjpwxb-wpengine.netdna-ssl.com/wp-content/uploads/2016/06/before-after-gallery.jpg]
[3bb3lo1avy3xd673y3jjpwxb-wpengine.netdna-ssl.com/wp-content/uploads/2016/06/woman-face.png]
[3bb3lo1avy3xd673y3jjpwxb-wpengine.netdna-ssl.com/wp-content/uploads/2016/06/knife.png]
[3bb3lo1avy3xd673y3jjpwxb-wpengine.netdna-ssl.com/wp-content/uploads/2016/06/woman-sketch.png]
[3bb3lo1avy3xd673y3jjpwxb-wpengine.netdna-ssl.com/wp-content/uploads/2016/06/divider.png]
[3bb3lo1avy3xd673y3jjpwxb-wpengine.netdna-ssl.com/wp-content/uploads/2016/06/face.png]
[3bb3lo1avy3xd673y3jjpwxb-wpengine.netdna-ssl.com/wp-content/uploads/2016/06/health.png]
[3bb3lo1avy3xd673y3jjpwxb-wpengine.netdna-ssl.com/wp-content/uploads/2016/03/service-image-1.jpg]
[3bb3lo1avy3xd673y3jjpwxb-wpengine.netdna-ssl.com/wp-content/uploads/2016/03/service-image-2.jpg]
[3bb3lo1avy3xd673y3jjpwxb-wpengine.netdna-ssl.com/wp-content/uploads/2016/03/service-image-3.jpg]
[3bb3lo1avy3xd673y3jjpwxb-wpengine.netdna-ssl.com/wp-content/uploads/2016/03/service-image-4.jpg]
[3bb3lo1avy3xd673y3jjpwxb-wpengine.netdna-ssl.com/wp-content/uploads/2016/03/parallax-team-img.png]
[3bb3lo1avy3xd673y3jjpwxb-wpengine.netdna-ssl.com/wp-content/uploads/2016/03/parallax-signature-img.png]
[3bb3lo1avy3xd673y3jjpwxb-wpengine.netdna-ssl.com/wp-content/uploads/2016/03/featured-logo-1.png]
[3bb3lo1avy3xd673y3jjpwxb-wpengine.netdna-ssl.com/wp-content/uploads/2016/03/featured-logo-2.png]
[3bb3lo1avy3xd673y3jjpwxb-wpengine.netdna-ssl.com/wp-content/uploads/2016/03/featured-logo-3.png]
[3bb3lo1avy3xd673y3jjpwxb-wpengine.netdna-ssl.com/wp-content/uploads/2016/03/popular-procedures-1.png]
[3bb3lo1avy3xd673y3jjpwxb-wpengine.netdna-ssl.com/wp-content/uploads/2016/03/popular-procedures-2.png]
[3bb3lo1avy3xd673y3jjpwxb-wpengine.netdna-ssl.com/wp-content/uploads/2016/03/popular-procedures-3.png]
[3bb3lo1avy3xd673y3jjpwxb-wpengine.netdna-ssl.com/wp-content/uploads/2016/03/popular-procedures-4.png]
[3bb3lo1avy3xd673y3jjpwxb-wpengine.netdna-ssl.com/wp-content/uploads/2016/03/popular-procedures-5.png]
[3bb3lo1avy3xd673y3jjpwxb-wpengine.netdna-ssl.com/wp-content/uploads/2016/03/popular-procedures-6.png]
[3bb3lo1avy3xd673y3jjpwxb-wpengine.netdna-ssl.com/wp-content/uploads/2016/03/popular-procedures-7.png]
[3bb3lo1avy3xd673y3jjpwxb-wpengine.netdna-ssl.com/wp-content/uploads/2016/03/popular-procedures-8.png]
[3bb3lo1avy3xd673y3jjpwxb-wpengine.netdna-ssl.com/wp-content/uploads/2016/04/appointment-banner-img.png]
[3bb3lo1avy3xd673y3jjpwxb-wpengine.netdna-ssl.com/wp-content/uploads/2016/05/doctor-1.jpg]
[3bb3lo1avy3xd673y3jjpwxb-wpengine.netdna-ssl.com/wp-content/uploads/2016/05/doctor-5.jpg]
[3bb3lo1avy3xd673y3jjpwxb-wpengine.netdna-ssl.com/wp-content/uploads/2016/05/doctor-3.jpg]
[3bb3lo1avy3xd673y3jjpwxb-wpengine.netdna-ssl.com/wp-content/uploads/2016/03/The-Magical-Transformation.png]
[3bb3lo1avy3xd673y3jjpwxb-wpengine.netdna-ssl.com/wp-content/uploads/2016/05/client-8.png]
[3bb3lo1avy3xd673y3jjpwxb-wpengine.netdna-ssl.com/wp-content/uploads/2016/05/client-7.png]
[3bb3lo1avy3xd673y3jjpwxb-wpengine.netdna-ssl.com/wp-content/uploads/2016/05/client-6.png]
[3bb3lo1avy3xd673y3jjpwxb-wpengine.netdna-ssl.com/wp-content/uploads/2016/05/client-5.png]
[3bb3lo1avy3xd673y3jjpwxb-wpengine.netdna-ssl.com/wp-content/uploads/2016/05/client-3.png]
[3bb3lo1avy3xd673y3jjpwxb-wpengine.netdna-ssl.com/wp-content/uploads/2016/05/client-2.png]
[3bb3lo1avy3xd673y3jjpwxb-wpengine.netdna-ssl.com/wp-content/uploads/2016/05/client-1.png]
[3bb3lo1avy3xd673y3jjpwxb-wpengine.netdna-ssl.com/wp-content/uploads/2016/05/client-9.png]
[3bb3lo1avy3xd673y3jjpwxb-wpengine.netdna-ssl.com/wp-content/uploads/2016/03/client-4.png]
[3bb3lo1avy3xd673y3jjpwxb-wpengine.netdna-ssl.com/wp-content/uploads/2015/08/testimonial-13.jpg]
[3bb3lo1avy3xd673y3jjpwxb-wpengine.netdna-ssl.com/wp-content/uploads/2015/08/testimonial4.jpg]
[3bb3lo1avy3xd673y3jjpwxb-wpengine.netdna-ssl.com/wp-content/uploads/2016/03/before.png]
[3bb3lo1avy3xd673y3jjpwxb-wpengine.netdna-ssl.com/wp-content/uploads/2016/03/after.png]
[3bb3lo1avy3xd673y3jjpwxb-wpengine.netdna-ssl.com/wp-content/uploads/2016/04/hexa-bg.png]
[3bb3lo1avy3xd673y3jjpwxb-wpengine.netdna-ssl.com/wp-content/uploads/2016/04/hexa-icon-1.png]
[3bb3lo1avy3xd673y3jjpwxb-wpengine.netdna-ssl.com/wp-content/uploads/2016/04/hexa-bg-2.png]
[3bb3lo1avy3xd673y3jjpwxb-wpengine.netdna-ssl.com/wp-content/uploads/2016/04/hexa-icon-2.png]
[3bb3lo1avy3xd673y3jjpwxb-wpengine.netdna-ssl.com/wp-content/uploads/2016/04/hexa-bg-3.png]
[3bb3lo1avy3xd673y3jjpwxb-wpengine.netdna-ssl.com/wp-content/uploads/2016/04/hexa-icon-3.png]
[3bb3lo1avy3xd673y3jjpwxb-wpengine.netdna-ssl.com/wp-content/uploads/2016/03/footer-logo.png]
[3bb3lo1avy3xd673y3jjpwxb-wpengine.netdna-ssl.com/wp-includes/js/comment-reply.min5697.js]
[3bb3lo1avy3xd673y3jjpwxb-wpengine.netdna-ssl.com/wp-content/cache/asset-cleanup/js/item/contact-form-7-v11a2ff34f9c743e6cf5f16d3b8e83b3e3e6c6ff8.js]
[3bb3lo1avy3xd673y3jjpwxb-wpengine.netdna-ssl.com/wp-content/cache/asset-cleanup/js/item/dt-sc-tiptip-v521daef313298b7906f02abd7693c2ee54c87331.js]
[3bb3lo1avy3xd673y3jjpwxb-wpengine.netdna-ssl.com/wp-content/cache/asset-cleanup/js/item/dt-sc-inview-vfef77a16441d0a1ddb10e6d2a418c2391bb5b1a0.js]
[3bb3lo1avy3xd673y3jjpwxb-wpengine.netdna-ssl.com/wp-content/plugins/designthemes-core-features/shortcodes/js/jquery.animateNumber.min5697.js]
[3bb3lo1avy3xd673y3jjpwxb-wpengine.netdna-ssl.com/wp-content/cache/asset-cleanup/js/item/dt-sc-toggle-click-v0a628fa0bb1f2a5e76085665218b5235b4ea71f6.js]
[3bb3lo1avy3xd673y3jjpwxb-wpengine.netdna-ssl.com/wp-content/cache/asset-cleanup/js/item/dt-sc-script-v8f66427a21d81ce568fc6e3a94a52451c0cd19f5.js]
[3bb3lo1avy3xd673y3jjpwxb-wpengine.netdna-ssl.com/wp-content/cache/asset-cleanup/js/item/dt-doctor-addon-v9dd2e968fe00d9088abb2f4b9e8d26bf0f092024.js]
[3bb3lo1avy3xd673y3jjpwxb-wpengine.netdna-ssl.com/wp-content/plugins/woocommerce/assets/js/prettyPhoto/jquery.prettyPhoto.min005e.js]
[3bb3lo1avy3xd673y3jjpwxb-wpengine.netdna-ssl.com/wp-content/themes/onelife/functions/js/jquery.easing.min5697.js]
[3bb3lo1avy3xd673y3jjpwxb-wpengine.netdna-ssl.com/wp-content/themes/onelife/functions/js/jquery.uitotop.min5697.js]
[3bb3lo1avy3xd673y3jjpwxb-wpengine.netdna-ssl.com/wp-content/themes/onelife/functions/js/jquery.isotope.min5697.js]
[3bb3lo1avy3xd673y3jjpwxb-wpengine.netdna-ssl.com/wp-content/themes/onelife/functions/js/jquery.smartresize.min5697.js]
[3bb3lo1avy3xd673y3jjpwxb-wpengine.netdna-ssl.com/wp-content/themes/onelife/functions/js/jquery.caroufredsel.min5697.js]
[3bb3lo1avy3xd673y3jjpwxb-wpengine.netdna-ssl.com/wp-content/themes/onelife/functions/js/jquery.debouncedresize.min5697.js]
[3bb3lo1avy3xd673y3jjpwxb-wpengine.netdna-ssl.com/wp-content/themes/onelife/functions/js/jquery.prettyphoto.min5697.js]
[3bb3lo1avy3xd673y3jjpwxb-wpengine.netdna-ssl.com/wp-content/themes/onelife/functions/js/jquery.touchswipe.min5697.js]
[3bb3lo1avy3xd673y3jjpwxb-wpengine.netdna-ssl.com/wp-content/themes/onelife/functions/js/jquery.retina.min5697.js]
[3bb3lo1avy3xd673y3jjpwxb-wpengine.netdna-ssl.com/wp-content/themes/onelife/functions/js/jquery.parallax.min5697.js]
[3bb3lo1avy3xd673y3jjpwxb-wpengine.netdna-ssl.com/wp-content/themes/onelife/functions/js/jquery.downcount.min5697.js]
[3bb3lo1avy3xd673y3jjpwxb-wpengine.netdna-ssl.com/wp-content/themes/onelife/functions/js/jquery.nicescroll.min5697.js]
[3bb3lo1avy3xd673y3jjpwxb-wpengine.netdna-ssl.com/wp-content/themes/onelife/functions/js/jquery.bxslider.min5697.js]
[3bb3lo1avy3xd673y3jjpwxb-wpengine.netdna-ssl.com/wp-content/themes/onelife/functions/js/jquery.sticky.min5697.js]
[3bb3lo1avy3xd673y3jjpwxb-wpengine.netdna-ssl.com/wp-content/themes/onelife/functions/js/jquery.fancybox.min5697.js]
[3bb3lo1avy3xd673y3jjpwxb-wpengine.netdna-ssl.com/wp-content/themes/onelife/functions/js/jquery.simplesidebar.min5697.js]
[3bb3lo1avy3xd673y3jjpwxb-wpengine.netdna-ssl.com/wp-content/themes/onelife/functions/js/jquery.classie.min5697.js]
[3bb3lo1avy3xd673y3jjpwxb-wpengine.netdna-ssl.com/wp-content/plugins/the-events-calendar/vendor/jquery-placeholder/jquery.placeholder.min58c6.js]
[3bb3lo1avy3xd673y3jjpwxb-wpengine.netdna-ssl.com/wp-content/themes/onelife/functions/js/jquery.fitvids.min5697.js]
[3bb3lo1avy3xd673y3jjpwxb-wpengine.netdna-ssl.com/wp-content/themes/onelife/functions/js/jquery.visualNav.min5697.js]
[3bb3lo1avy3xd673y3jjpwxb-wpengine.netdna-ssl.com/wp-content/themes/onelife/functions/js/magnific/jquery.magnific-popup.min5697.js]
[3bb3lo1avy3xd673y3jjpwxb-wpengine.netdna-ssl.com/wp-content/plugins/woocommerce/assets/js/jquery-cookie/jquery.cookie.min330a.js]
[3bb3lo1avy3xd673y3jjpwxb-wpengine.netdna-ssl.com/wp-content/cache/asset-cleanup/js/item/onelife-custom-vee2a10db19e8a3b2a0ff0170abca45be032ec6b4.js]
[3bb3lo1avy3xd673y3jjpwxb-wpengine.netdna-ssl.com/wp-content/themes/onelife/functions/js/pace.min5697.js]
[3bb3lo1avy3xd673y3jjpwxb-wpengine.netdna-ssl.com/wp-content/plugins/js_composer/assets/js/dist/js_composer_front.min1e39.js]
[onelifewp.wpengine.com/index.html]
[3bb3lo1avy3xd673y3jjpwxb-wpengine.netdna-ssl.com/wp-content/themes/onelife/images/prettyPhoto/default/sprite.png]
[3bb3lo1avy3xd673y3jjpwxb-wpengine.netdna-ssl.com/wp-content/plugins/js_composer/assets/lib/bower/skrollr/dist/skrollr.min1e39.js]
[3bb3lo1avy3xd673y3jjpwxb-wpengine.netdna-ssl.com/wp-content/themes/onelife/images/prettyPhoto/default/loader.gif]
[3bb3lo1avy3xd673y3jjpwxb-wpengine.netdna-ssl.com/wp-content/cache/asset-cleanup/css/head-8abef10cb08cf9f6b529d3217f8657f853d447c6.css]
[3bb3lo1avy3xd673y3jjpwxb-wpengine.netdna-ssl.com/wp-content/cache/asset-cleanup/css/item/onelife-skin-v158c44e9fe046d78ad9eb5a2e8c4f8a4d1b821c3.css]
[onelifewp.wpengine.com/appoinment/index.html]
[3bb3lo1avy3xd673y3jjpwxb-wpengine.netdna-ssl.com/wp-content/uploads/2016/06/swirl.png]
[onelifewp.wpengine.com/gallery/before-after-gallery/index.html]
[onelifewp.wpengine.com/appointment/index.html]
[3bb3lo1avy3xd673y3jjpwxb-wpengine.netdna-ssl.com/wp-content/uploads/2016/05/doctor-4.jpg]
[3bb3lo1avy3xd673y3jjpwxb-wpengine.netdna-ssl.com/wp-content/uploads/2016/05/doctor-2.jpg]
[3bb3lo1avy3xd673y3jjpwxb-wpengine.netdna-ssl.com/wp-content/uploads/2015/08/testimonial1.jpg]
[3bb3lo1avy3xd673y3jjpwxb-wpengine.netdna-ssl.com/wp-content/uploads/2016/03/appointment-parallaxd5bb.jpg]
[3bb3lo1avy3xd673y3jjpwxb-wpengine.netdna-ssl.com/wp-content/cache/asset-cleanup/js/item/onelife-cpanel-v5127c6473122545957bef5efc4be73d48ae5a4e0.js]
[3bb3lo1avy3xd673y3jjpwxb-wpengine.netdna-ssl.com/wp-content/plugins/designthemes-core-features/shortcodes/js/jquery.tabs.min5697.js]
[3bb3lo1avy3xd673y3jjpwxb-wpengine.netdna-ssl.com/wp-content/uploads/2016/05/retina-logo.png]
[onelifewp.local/wp-content/uploads/2016/06/bg1.jpg]
[onelifewp.local/wp-content/uploads/2016/06/bg3.jpg]
[onelifewp.local/wp-content/uploads/2016/06/bg2.jpg]
